// Jest Snapshot v1, https://goo.gl/fbAQLP

exports[`Metadata Adaptor Adapts form data to network model 1`] = `
{
  "assignment_type": null,
  "blooms": null,
  "books": [],
  "dok": null,
  "errata_id": "fffffff",
  "feature_id": null,
  "feature_page": null,
  "nickname": "test",
  "time": null,
}
`;

exports[`Metadata Adaptor Saves and loads values for books 1`] = `
{
  "attachments": [],
  "books": [
    {
      "lo": [
        "1-2-3",
      ],
      "name": "stax-something",
    },
    {
      "aplo": [
        "4-5-6",
      ],
      "name": "stax-apsomething",
    },
  ],
  "errata_id": "fffffff",
}
`;

exports[`Metadata Adaptor saves and loads optional values 1`] = `
{
  "assignment_type": "something",
  "attachments": [],
  "blooms": "1",
  "books": [],
  "dok": "1",
  "errata_id": "fffffff",
  "feature_id": "fs-12345",
  "feature_page": "m12345",
  "time": "Short",
}
`;
