// Jest Snapshot v1, https://goo.gl/fbAQLP

exports[`OpenstaxMetadataForm Form validation does not save when information is missing 1`] = `
[
  [
    "OpenStax Metadata: Expected at least one value for books",
  ],
]
`;

exports[`OpenstaxMetadataForm Form validation does not save when information is missing 2`] = `
[
  [
    "OpenStax Metadata: "nickname" cannot be empty.",
  ],
]
`;

exports[`OpenstaxMetadataForm encode/decode form state decodes form state when loading and encodes when saving 1`] = `
{
  "blooms": {
    "isValid": true,
    "value": "1",
  },
  "books": [
    {
      "isValid": true,
      "value": "stax-psy",
    },
  ],
  "lo": [
    {
      "isValid": true,
      "value": "00-00-01",
    },
  ],
  "module-id": [
    {
      "isValid": true,
      "value": "m000001",
    },
    {
      "isValid": true,
      "value": "m000002",
    },
    {
      "isValid": true,
      "value": "m000003#term-03",
    },
  ],
  "nickname": {
    "isValid": true,
    "value": "test",
  },
}
`;

exports[`OpenstaxMetadataForm encode/decode form state decodes form state when loading and encodes when saving 2`] = `
[
  [
    undefined,
    {
      "aacn": "",
      "apLo": [],
      "assignment-type": "",
      "blooms": "1",
      "books": [
        "stax-psy",
      ],
      "dok-tag": "",
      "hts": "",
      "is-solution-public": "true",
      "lo": [
        "00-00-01",
      ],
      "module-id": [
        {
          "element-id": "",
          "module": "modules/m000001/index.cnxml",
        },
        {
          "element-id": "",
          "module": "modules/m000002/index.cnxml",
        },
        {
          "element-id": "term-03",
          "module": "modules/m000003/index.cnxml",
        },
      ],
      "nclex": "",
      "nickname": "test",
      "rp": "",
      "science-practice": "",
      "time": "",
    },
  ],
]
`;
